
> tailadmin-react@2.0.1 build
> tsc -b && vite build

src/components/header/NotificationDropdown.tsx(123,23): error TS6133: '_desaName' is declared but its value is never read.
src/components/ui/dropdown/SearchableSelect.tsx(3,10): error TS6133: 'CheckIcon' is declared but its value is never read.
src/components/ui/MapFilter.tsx(38,18): error TS2304: Cannot find name 'setShowUp3Markers'.
src/components/ui/MapFilter.tsx(44,46): error TS2304: Cannot find name 'showUp3Markers'.
src/components/ui/MapFilter.tsx(45,53): error TS2304: Cannot find name 'setShowUp3Markers'.
src/components/ui/MapFilter.tsx(45,72): error TS2304: Cannot find name 'showUp3Markers'.
src/components/ui/MapFilter.tsx(48,123): error TS2304: Cannot find name 'showUp3Markers'.
src/components/ui/MapFilter.tsx(49,38): error TS2304: Cannot find name 'showUp3Markers'.
src/data/populationData.ts(105,35): error TS6133: 'name' is declared but its value is never read.
src/main.tsx(1,1): error TS6133: 'StrictMode' is declared but its value is never read.
src/pages/AuthPages/SignIn.tsx(1,1): error TS6133: 'PageMeta' is declared but its value is never read.
src/pages/Dashboard/KabKotPage.tsx(23,10): error TS6133: 'loading' is declared but its value is never read.
src/pages/Dashboard/LocationHierarchyPage.tsx(284,52): error TS2552: Cannot find name 'navigate'. Did you mean 'navigator'?
src/pages/Dashboard/LocationHierarchyPage.tsx(284,94): error TS2339: Property '_id' does not exist on type 'LocationData'.
src/pages/Dashboard/RegionDetailPage.tsx(4,1): error TS6192: All imports in import declaration are unused.
src/pages/Dashboard/RegionDetailPage.tsx(266,36): error TS2339: Property 'warga' does not exist on type 'RegionData'.
src/pages/Dashboard/Up3Page.tsx(21,27): error TS6133: 'setSearchResults' is declared but its value is never read.
src/pages/Dashboard/Up3Page.tsx(22,25): error TS6133: 'setIsSearching' is declared but its value is never read.
src/pages/Forms/FormElements.tsx(2,27): error TS2307: Cannot find module '../../components/form/form-elements/DefaultInputs' or its corresponding type declarations.
src/pages/Forms/FormElements.tsx(3,24): error TS2307: Cannot find module '../../components/form/form-elements/InputGroup' or its corresponding type declarations.
src/pages/Forms/FormElements.tsx(4,31): error TS2307: Cannot find module '../../components/form/form-elements/DropZone' or its corresponding type declarations.
src/pages/Forms/FormElements.tsx(5,32): error TS2307: Cannot find module '../../components/form/form-elements/CheckboxComponents' or its corresponding type declarations.
src/pages/Forms/FormElements.tsx(6,26): error TS2307: Cannot find module '../../components/form/form-elements/RadioButtons' or its corresponding type declarations.
src/pages/Forms/FormElements.tsx(7,26): error TS2307: Cannot find module '../../components/form/form-elements/ToggleSwitch' or its corresponding type declarations.
src/pages/Forms/FormElements.tsx(8,30): error TS2307: Cannot find module '../../components/form/form-elements/FileInputExample' or its corresponding type declarations.
src/pages/Forms/FormElements.tsx(9,26): error TS2307: Cannot find module '../../components/form/form-elements/SelectInputs' or its corresponding type declarations.
src/pages/Forms/FormElements.tsx(10,27): error TS2307: Cannot find module '../../components/form/form-elements/TextAreaInput' or its corresponding type declarations.
src/pages/Forms/FormElements.tsx(11,25): error TS2307: Cannot find module '../../components/form/form-elements/InputStates' or its corresponding type declarations.
src/pages/UiElements/Buttons.tsx(33,15): error TS2322: Type '{ children: string; size: "sm"; variant: "primary"; startIcon: Element; }' is not assignable to type 'IntrinsicAttributes & ButtonProps'.
  Property 'startIcon' does not exist on type 'IntrinsicAttributes & ButtonProps'.
src/pages/UiElements/Buttons.tsx(40,15): error TS2322: Type '{ children: string; size: "md"; variant: "primary"; startIcon: Element; }' is not assignable to type 'IntrinsicAttributes & ButtonProps'.
  Property 'startIcon' does not exist on type 'IntrinsicAttributes & ButtonProps'.
src/pages/UiElements/Buttons.tsx(52,15): error TS2322: Type '{ children: string; size: "sm"; variant: "primary"; endIcon: Element; }' is not assignable to type 'IntrinsicAttributes & ButtonProps'.
  Property 'endIcon' does not exist on type 'IntrinsicAttributes & ButtonProps'.
src/pages/UiElements/Buttons.tsx(59,15): error TS2322: Type '{ children: string; size: "md"; variant: "primary"; endIcon: Element; }' is not assignable to type 'IntrinsicAttributes & ButtonProps'.
  Property 'endIcon' does not exist on type 'IntrinsicAttributes & ButtonProps'.
src/pages/UiElements/Buttons.tsx(83,15): error TS2322: Type '{ children: string; size: "sm"; variant: "outline"; startIcon: Element; }' is not assignable to type 'IntrinsicAttributes & ButtonProps'.
  Property 'startIcon' does not exist on type 'IntrinsicAttributes & ButtonProps'.
src/pages/UiElements/Buttons.tsx(90,15): error TS2322: Type '{ children: string; size: "md"; variant: "outline"; startIcon: Element; }' is not assignable to type 'IntrinsicAttributes & ButtonProps'.
  Property 'startIcon' does not exist on type 'IntrinsicAttributes & ButtonProps'.
src/pages/UiElements/Buttons.tsx(102,15): error TS2322: Type '{ children: string; size: "sm"; variant: "outline"; endIcon: Element; }' is not assignable to type 'IntrinsicAttributes & ButtonProps'.
  Property 'endIcon' does not exist on type 'IntrinsicAttributes & ButtonProps'.
src/pages/UiElements/Buttons.tsx(109,15): error TS2322: Type '{ children: string; size: "md"; variant: "outline"; endIcon: Element; }' is not assignable to type 'IntrinsicAttributes & ButtonProps'.
  Property 'endIcon' does not exist on type 'IntrinsicAttributes & ButtonProps'.
src/pages/UiElements/Images.tsx(2,29): error TS2307: Cannot find module '../../components/ui/images/ResponsiveImage' or its corresponding type declarations.
src/pages/UiElements/Images.tsx(3,32): error TS2307: Cannot find module '../../components/ui/images/TwoColumnImageGrid' or its corresponding type declarations.
src/pages/UiElements/Images.tsx(4,34): error TS2307: Cannot find module '../../components/ui/images/ThreeColumnImageGrid' or its corresponding type declarations.
